******************************************************************************
                  TI ARM Linker PC v16.9.6                     
******************************************************************************
>> Linked Tue Jan 30 15:55:50 2018

OUTPUT FILE NAME:   <0.96'OLED.out>
ENTRY POINT SYMBOL: "_c_int00"  address: 000010b1


MEMORY CONFIGURATION

         name            origin    length      used     unused   attr    fill
----------------------  --------  ---------  --------  --------  ----  --------
  FLASH                 00000000   00040000  00001ed6  0003e12a  R  X
  SRAM                  20000000   00008000  00000f98  00007068  RW X


SEGMENT ALLOCATION MAP

run origin  load origin   length   init length attrs members
----------  ----------- ---------- ----------- ----- -------
00000000    00000000    00001ed8   00001ed8    r-x
  00000000    00000000    0000026c   0000026c    r-- .intvecs
  0000026c    0000026c    00001046   00001046    r-x .text
  000012b4    000012b4    00000884   00000884    r-- .const
  00001b38    00001b38    000003a0   000003a0    r-- .cinit
20000000    20000000    00000f98   00000000    rw-
  20000000    20000000    00000d98   00000000    rw- .data
  20000d98    20000d98    00000200   00000000    rw- .stack


SECTION ALLOCATION MAP

 output                                  attributes/
section   page    origin      length       input sections
--------  ----  ----------  ----------   ----------------
.intvecs   0    00000000    0000026c     
                  00000000    0000026c     tm4c123gh6pm_startup_ccs.obj (.intvecs)

.text      0    0000026c    00001046     
                  0000026c    00000828     OLED.obj (.text)
                  00000a94    00000170     main.obj (.text)
                  00000c04    00000132     driverlib.lib : gpio.obj (.text:GPIOPadConfigSet)
                  00000d36    00000002     rtsv7M4_T_le_v4SPD16_eabi.lib : mpu_init.obj (.text)
                  00000d38    00000110     driverlib.lib : sysctl.obj (.text:SysCtlClockGet)
                  00000e48    000000f4                   : sysctl.obj (.text:SysCtlClockSet)
                  00000f3c    0000009c     rtsv7M4_T_le_v4SPD16_eabi.lib : memcpy_t2.obj (.text)
                  00000fd8    00000070                                   : autoinit.obj (.text)
                  00001048    00000068                                   : copy_decompress_lzss.obj (.text:decompress:lzss)
                  000010b0    00000054                                   : boot.obj (.text)
                  00001104    00000054                                   : exit.obj (.text)
                  00001158    0000004c                                   : cpy_tbl.obj (.text)
                  000011a4    00000040     delay.obj (.text)
                  000011e4    00000034     driverlib.lib : sysctl.obj (.text:SysCtlPeripheralEnable)
                  00001218    0000002a                   : gpio.obj (.text:GPIODirModeSet)
                  00001242    00000018                   : gpio.obj (.text:GPIOPinTypeGPIOOutput)
                  0000125a    00000002     rtsv7M4_T_le_v4SPD16_eabi.lib : startup.obj (.text)
                  0000125c    00000018                                   : args_main.obj (.text)
                  00001274    00000014                                   : _lock.obj (.text)
                  00001288    0000000e                                   : copy_decompress_none.obj (.text:decompress:none)
                  00001296    0000000c     tm4c123gh6pm_startup_ccs.obj (.text)
                  000012a2    00000006     driverlib.lib : gpio.obj (.text:GPIOPinWrite)
                  000012a8    00000006                   : sysctl.obj (.text:SysCtlDelay)
                  000012ae    00000004     rtsv7M4_T_le_v4SPD16_eabi.lib : pre_init.obj (.text)

.const     0    000012b4    00000884     
                  000012b4    000005f0     OLED.obj (.const:.string:F8X16)
                  000018a4    00000228     OLED.obj (.const:F6x8)
                  00001acc    0000006c     driverlib.lib : sysctl.obj (.const:g_pui32Xtals)

.cinit     0    00001b38    000003a0     
                  00001b38    0000038e     (.cinit..data.load) [load image, compression = lzss]
                  00001ec6    00000002     --HOLE-- [fill = 0]
                  00001ec8    00000008     (__TI_handler_table)
                  00001ed0    00000008     (__TI_cinit_table)

.init_array 
*          0    00000000    00000000     UNINITIALIZED

.data      0    20000000    00000d98     UNINITIALIZED
                  20000000    00000400     main.obj (.data:BMP1)
                  20000400    00000400     main.obj (.data:BMP2)
                  20000800    00000400     main.obj (.data:BMP3)
                  20000c00    00000180     OLED.obj (.data:Hzk)
                  20000d80    0000000c     rtsv7M4_T_le_v4SPD16_eabi.lib : exit.obj (.data:$O1$$)
                  20000d8c    00000008                                   : _lock.obj (.data:$O1$$)
                  20000d94    00000004                                   : stkdepth_vars.obj (.data)

.stack     0    20000d98    00000200     UNINITIALIZED
                  20000d98    00000200     --HOLE--

MODULE SUMMARY

       Module                         code   ro data   rw data
       ------                         ----   -------   -------
    .\
       main.obj                       368    0         3072   
       tm4c123gh6pm_startup_ccs.obj   12     620       0      
    +--+------------------------------+------+---------+---------+
       Total:                         380    620       3072   
                                                              
    .\9.6'OLED\
       OLED.obj                       2088   2072      384    
    +--+------------------------------+------+---------+---------+
       Total:                         2088   2072      384    
                                                              
    .\delay\
       delay.obj                      64     0         0      
    +--+------------------------------+------+---------+---------+
       Total:                         64     0         0      
                                                              
    D:/ti/TivaWare_C_Series-2.1.4.178/driverlib/ccs/Debug/driverlib.lib
       sysctl.obj                     574    108       0      
       gpio.obj                       378    0         0      
    +--+------------------------------+------+---------+---------+
       Total:                         952    108       0      
                                                              
    D:\Project_Program\Ccs_V7\ccsv7\tools\compiler\ti-cgt-arm_16.9.6.LTS\lib\rtsv7M4_T_le_v4SPD16_eabi.lib
       memcpy_t2.obj                  156    0         0      
       autoinit.obj                   112    0         0      
       copy_decompress_lzss.obj       104    0         0      
       exit.obj                       84     0         12     
       boot.obj                       84     0         0      
       cpy_tbl.obj                    76     0         0      
       _lock.obj                      20     0         8      
       args_main.obj                  24     0         0      
       copy_decompress_none.obj       14     0         0      
       pre_init.obj                   4      0         0      
       stkdepth_vars.obj              0      0         4      
       mpu_init.obj                   2      0         0      
       startup.obj                    2      0         0      
    +--+------------------------------+------+---------+---------+
       Total:                         682    0         24     
                                                              
       Stack:                         0      0         512    
       Linker Generated:              0      926       0      
    +--+------------------------------+------+---------+---------+
       Grand Total:                   4166   3726      3992   


LINKER GENERATED COPY TABLES

__TI_cinit_table @ 00001ed0 records: 1, size/record: 8, table size: 8
	.data: load addr=00001b38, load size=0000038e bytes, run addr=20000000, run size=00000d98 bytes, compression=lzss


LINKER GENERATED HANDLER TABLE

__TI_handler_table @ 00001ec8 records: 2, size/record: 4, table size: 8
	index: 0, handler: __TI_decompress_lzss
	index: 1, handler: __TI_decompress_none


GLOBAL SYMBOLS: SORTED ALPHABETICALLY BY Name 

address   name                           
-------   ----                           
20000000  BMP1                           
20000400  BMP2                           
20000800  BMP3                           
00001105  C$$EXIT                        
000011a5  Delay_ms                       
000011c3  Delay_us                       
000018a4  F6x8                           
000012b4  F8X16                          
00001219  GPIODirModeSet                 
00000c05  GPIOPadConfigSet               
00001243  GPIOPinTypeGPIOOutput          
000012a3  GPIOPinWrite                   
0000026d  GPIO_Init                      
20000c00  Hzk                            
00000281  IIC_Start                      
000002b5  IIC_Stop                       
000002dd  IIC_Wait_Ack                   
000004eb  OLED_Clear                     
000004cf  OLED_Display_Off               
000004b3  OLED_Display_On                
00000901  OLED_DrawBMP                   
000009b1  OLED_Init                      
00000553  OLED_On                        
00000479  OLED_Set_Pos                   
00000845  OLED_ShowCHinese               
000005c1  OLED_ShowChar                  
0000070d  OLED_ShowNum                   
000007db  OLED_ShowString                
000003ed  OLED_WR_Byte                   
00001297  ResetISR                       
UNDEFED   SHT$$INIT_ARRAY$$Base          
UNDEFED   SHT$$INIT_ARRAY$$Limit         
00000d39  SysCtlClockGet                 
00000e49  SysCtlClockSet                 
000012a9  SysCtlDelay                    
000011e5  SysCtlPeripheralEnable         
000002f9  Write_IIC_Byte                 
0000038d  Write_IIC_Command              
000003bd  Write_IIC_Data                 
20000f98  __STACK_END                    
00000200  __STACK_SIZE                   
20000f98  __STACK_TOP                    
00001ed0  __TI_CINIT_Base                
00001ed8  __TI_CINIT_Limit               
00001ec8  __TI_Handler_Table_Base        
00001ed0  __TI_Handler_Table_Limit       
00000fd9  __TI_auto_init                 
20000d80  __TI_cleanup_ptr               
00001049  __TI_decompress_lzss           
00001289  __TI_decompress_none           
20000d84  __TI_dtors_ptr                 
20000d88  __TI_enable_exit_profile_output
ffffffff  __TI_pprof_out_hndl            
ffffffff  __TI_prof_data_size            
ffffffff  __TI_prof_data_start           
00000000  __TI_static_base__             
00000f3d  __aeabi_memcpy                 
00000f3d  __aeabi_memcpy4                
00000f3d  __aeabi_memcpy8                
ffffffff  __binit__                      
ffffffff  __c_args__                     
00000d37  __mpu_init                     
20000d98  __stack                        
0000125d  _args_main                     
000010b1  _c_int00                       
20000d8c  _lock                          
00001283  _nop                           
0000127b  _register_lock                 
00001275  _register_unlock               
0000125b  _system_post_cinit             
000012af  _system_pre_init               
20000d90  _unlock                        
00001109  abort                          
ffffffff  binit                          
00001159  copy_in                        
00001111  exit                           
0000040b  fill_picture                   
00000000  g_pfnVectors                   
00000a95  main                           
20000d94  main_func_sp                   
00000f3d  memcpy                         
000006dd  oled_pow                       


GLOBAL SYMBOLS: SORTED BY Symbol Address 

address   name                           
-------   ----                           
00000000  __TI_static_base__             
00000000  g_pfnVectors                   
00000200  __STACK_SIZE                   
0000026d  GPIO_Init                      
00000281  IIC_Start                      
000002b5  IIC_Stop                       
000002dd  IIC_Wait_Ack                   
000002f9  Write_IIC_Byte                 
0000038d  Write_IIC_Command              
000003bd  Write_IIC_Data                 
000003ed  OLED_WR_Byte                   
0000040b  fill_picture                   
00000479  OLED_Set_Pos                   
000004b3  OLED_Display_On                
000004cf  OLED_Display_Off               
000004eb  OLED_Clear                     
00000553  OLED_On                        
000005c1  OLED_ShowChar                  
000006dd  oled_pow                       
0000070d  OLED_ShowNum                   
000007db  OLED_ShowString                
00000845  OLED_ShowCHinese               
00000901  OLED_DrawBMP                   
000009b1  OLED_Init                      
00000a95  main                           
00000c05  GPIOPadConfigSet               
00000d37  __mpu_init                     
00000d39  SysCtlClockGet                 
00000e49  SysCtlClockSet                 
00000f3d  __aeabi_memcpy                 
00000f3d  __aeabi_memcpy4                
00000f3d  __aeabi_memcpy8                
00000f3d  memcpy                         
00000fd9  __TI_auto_init                 
00001049  __TI_decompress_lzss           
000010b1  _c_int00                       
00001105  C$$EXIT                        
00001109  abort                          
00001111  exit                           
00001159  copy_in                        
000011a5  Delay_ms                       
000011c3  Delay_us                       
000011e5  SysCtlPeripheralEnable         
00001219  GPIODirModeSet                 
00001243  GPIOPinTypeGPIOOutput          
0000125b  _system_post_cinit             
0000125d  _args_main                     
00001275  _register_unlock               
0000127b  _register_lock                 
00001283  _nop                           
00001289  __TI_decompress_none           
00001297  ResetISR                       
000012a3  GPIOPinWrite                   
000012a9  SysCtlDelay                    
000012af  _system_pre_init               
000012b4  F8X16                          
000018a4  F6x8                           
00001ec8  __TI_Handler_Table_Base        
00001ed0  __TI_CINIT_Base                
00001ed0  __TI_Handler_Table_Limit       
00001ed8  __TI_CINIT_Limit               
20000000  BMP1                           
20000400  BMP2                           
20000800  BMP3                           
20000c00  Hzk                            
20000d80  __TI_cleanup_ptr               
20000d84  __TI_dtors_ptr                 
20000d88  __TI_enable_exit_profile_output
20000d8c  _lock                          
20000d90  _unlock                        
20000d94  main_func_sp                   
20000d98  __stack                        
20000f98  __STACK_END                    
20000f98  __STACK_TOP                    
ffffffff  __TI_pprof_out_hndl            
ffffffff  __TI_prof_data_size            
ffffffff  __TI_prof_data_start           
ffffffff  __binit__                      
ffffffff  __c_args__                     
ffffffff  binit                          
UNDEFED   SHT$$INIT_ARRAY$$Base          
UNDEFED   SHT$$INIT_ARRAY$$Limit         

[82 symbols]
